00:
  .0000:

  .0001:

  .0002:

01:
  .0000:

  .0001:

  .0002:
  Pad error, pad cannot be empty